Script started on 2021-01-21 11:41:09-0800
root@hpc1:/home/rf# su - [K[K[K[K[Kssh shead /opt/csetools/nbin[K[K[K[Kbin/bon c6-32
enabling netboot on c6-32
root@hpc1:/home/rf# ssh shead /opt/csetools/bin/bon c6-32[C[C[C[C[C[C[C[C[C[C[C[C[C[C[C[C[C[C[C[C[K/opt/csetools/bin/preset c6-32^C
root@hpc1:/home/rf# scontrol -o[K[K[K[K[K[K[K[K[K[K[Ks[Ksinfo

Command 'sinfo' not found, but can be installed with:

apt install slurm-client

root@hpc1:/home/rf# su [Kdo su - 
root is not in the sudoers file.  This incident will be reported.
root@hpc1:/home/rf# sinf^C
root@hpc1:/home/rf# su - 
[?1h=Module slurm/17.11.6 loaded [m
[K[?1l>[?1h=Module openmpi/4.0.1 loaded [m
[K[?1l>root@hpc1:~# sinfo
PARTITION AVAIL  TIMELIMIT  NODES  STATE NODELIST
low          up   infinite      8 drain* c5-[13,27],c6-[21,29,32],c7-37,c8-19,g8-1
low          up   infinite      3   drng g5-[3,17,19]
low          up   infinite      2  drain c6-27,g5-15
low          up   infinite      8    mix c5-1,c6-18,c7-[31,33-34],c8-[17,31,38]
low          up   infinite     38  alloc c5-[5,7,9,11],c6-[3,16-17,19-20,23-25,28,30-31],c7-[18-22,27,35-36,38-41],c8-[3,15,32-37],g5-22,g8-[5,7]
low          up   infinite     15   idle c6-1,c7-[28-30],c8-[27-30,39-40,42],g6-8,g8-[9,11,13]
med          up   infinite      8 drain* c5-[13,27],c6-[21,29,32],c7-37,c8-19,g8-1
med          up   infinite      3   drng g5-[3,17,19]
med          up   infinite      2  drain c6-27,g5-15
med          up   infinite      8    mix c5-1,c6-18,c7-[31,33-34],c8-[17,31,38]
med          up   infinite     38  alloc c5-[5,7,9,11],c6-[3,16-17,19-20,23-25,28,30-31],c7-[18-22,27,35-36,38-41],c8-[3,15,32-37],g5-22,g8-[5,7]
med          up   infinite     15   idle c6-1,c7-[28-30],c8-[27-30,39-40,42],g6-8,g8-[9,11,13]
high*        up   infinite      7 drain* c5-[13,27],c6-[21,29,32],c7-37,c8-19
high*        up   infinite      1  drain c6-27
high*        up   infinite      8    mix c5-1,c6-18,c7-[31,33-34],c8-[17,31,38]
high*        up   infinite     35  alloc c5-[5,7,9,11],c6-[3,16-17,19-20,23-25,28,30-31],c7-[18-22,27,35-36,38-41],c8-[3,15,32-37]
high*        up   infinite     10   idle c7-[28-30],c8-[27-30,39-40,42]
gpu          up   infinite      3  alloc g5-22,g8-[5,7]
gpu          up   infinite      4   idle g6-8,g8-[9,11,13]
qigpu        up   infinite      3   drng g5-[3,17,19]
qigpu        up   infinite      1  drain g5-15
owensgpu     up   infinite      1 drain* g8-1
zdinggpu     up   infinite      1   idle g6-13
root@hpc1:~# ex[K[Ke[Kexit
logout
root@hpc1:/home/rf# su - [5@do su[C[C[C[5Pinfoudo su - [5P[C[C[C[Ke[Ksu - [5@do su[C[C[C[5Pinfosh shead /opt/csetools/bin/bon c6-32[C[C[C[C[C[C[C[C[C[C[C[C[C[C[C[C[C[C[C[C[Cinfo[Kudo su - [5P[C[C[C[Ksc[K[K/opt/csetools/bin/preset c6-321[K
Turning on c6-32 using m6-32
Error: Unable to establish IPMI v2 / RMCP+ session
root@hpc1:/home/rf# ping m6-32
PING m6-32.hpc1.cse.ucdavis.edu (10.21.106.32) 56(84) bytes of data.
64 bytes from m6-32.hpc1.cse.ucdavis.edu (10.21.106.32): icmp_seq=1 ttl=64 time=0.216 ms
64 bytes from m6-32.hpc1.cse.ucdavis.edu (10.21.106.32): icmp_seq=2 ttl=64 time=0.190 ms
64 bytes from m6-32.hpc1.cse.ucdavis.edu (10.21.106.32): icmp_seq=3 ttl=64 time=0.196 ms
^C
--- m6-32.hpc1.cse.ucdavis.edu ping statistics ---
3 packets transmitted, 3 received, 0% packet loss, time 2046ms
rtt min/avg/max/mdev = 0.190/0.200/0.216/0.019 ms
root@hpc1:/home/rf# ping m6-32[Kipmitool -U root -P calvin -I[K[K-H m6-32 chassis power status
Error: Unable to establish LAN session
Error: Unable to establish IPMI v1.5 / RMCP session
root@hpc1:/home/rf# sinf[K[K[K[Ks[Kipmitool -U root -P calvin -H m6-32 chassis power status[1P[1P[1P[1P[1@a[1@d[1@m[1@i[1@n[C[C[C[C[C[C[C[C[C[C[1P[1P[1P[1P[1P[1P[1@a[1@d[1@m[1@i[1@n
Error: Unable to establish LAN session
Error: Unable to establish IPMI v1.5 / RMCP session
root@hpc1:/home/rf# ping c5-27
PING c5-27.hpc1.cse.ucdavis.edu (10.21.5.27) 56(84) bytes of data.
64 bytes from c5-27.hpc1.cse.ucdavis.edu (10.21.5.27): icmp_seq=1 ttl=64 time=0.152 ms
64 bytes from c5-27.hpc1.cse.ucdavis.edu (10.21.5.27): icmp_seq=2 ttl=64 time=13.9 ms
64 bytes from c5-27.hpc1.cse.ucdavis.edu (10.21.5.27): icmp_seq=3 ttl=64 time=0.125 ms
64 bytes from c5-27.hpc1.cse.ucdavis.edu (10.21.5.27): icmp_seq=4 ttl=64 time=9.48 ms
^C
--- c5-27.hpc1.cse.ucdavis.edu ping statistics ---
4 packets transmitted, 4 received, 0% packet loss, time 3038ms
rtt min/avg/max/mdev = 0.125/5.920/13.919/5.990 ms
root@hpc1:/home/rf# ping ^C
root@hpc1:/home/rf# ssh root@[K[K[K[K[Kubuntu@c5-27
ssh: connect to host c5-27 port 22: Connection refused
root@hpc1:/home/rf# ssh ubuntu@c5-27
ssh: connect to host c5-27 port 22: Connection refused
root@hpc1:/home/rf# ssh ubuntu@c5-27[6Pping c5-27ipmitool -U admin -P admin -H m6-32 chassis power status[C[C[C[C[C[C[C[C[C[C[C[C[C[C[C[C[C[C[C[Cping c5-27[Kssh ubuntu@c5-27[Kssh ubuntu@c5-27[6Pping c5-27ssh ubuntu@c5-27[Ksinfo

Command 'sinfo' not found, but can be installed with:

apt install slurm-client

root@hpc1:/home/rf# 
root@hpc1:/home/rf# 
root@hpc1:/home/rf# ssh c5-27
^C
root@hpc1:/home/rf# ping c5-27
PING c5-27.hpc1.cse.ucdavis.edu (10.21.5.27) 56(84) bytes of data.
From hpc1.cse.ucdavis.edu (10.21.7.10) icmp_seq=1 Destination Host Unreachable
From hpc1.cse.ucdavis.edu (10.21.7.10) icmp_seq=2 Destination Host Unreachable
From hpc1.cse.ucdavis.edu (10.21.7.10) icmp_seq=3 Destination Host Unreachable
From hpc1.cse.ucdavis.edu (10.21.7.10) icmp_seq=4 Destination Host Unreachable
From hpc1.cse.ucdavis.edu (10.21.7.10) icmp_seq=5 Destination Host Unreachable
From hpc1.cse.ucdavis.edu (10.21.7.10) icmp_seq=6 Destination Host Unreachable
From hpc1.cse.ucdavis.edu (10.21.7.10) icmp_seq=7 Destination Host Unreachable
From hpc1.cse.ucdavis.edu (10.21.7.10) icmp_seq=8 Destination Host Unreachable
From hpc1.cse.ucdavis.edu (10.21.7.10) icmp_seq=9 Destination Host Unreachable
From hpc1.cse.ucdavis.edu (10.21.7.10) icmp_seq=10 Destination Host Unreachable
From hpc1.cse.ucdavis.edu (10.21.7.10) icmp_seq=11 Destination Host Unreachable
From hpc1.cse.ucdavis.edu (10.21.7.10) icmp_seq=12 Destination Host Unreachable
From hpc1.cse.ucdavis.edu (10.21.7.10) icmp_seq=13 Destination Host Unreachable
From hpc1.cse.ucdavis.edu (10.21.7.10) icmp_seq=14 Destination Host Unreachable
From hpc1.cse.ucdavis.edu (10.21.7.10) icmp_seq=15 Destination Host Unreachable
From hpc1.cse.ucdavis.edu (10.21.7.10) icmp_seq=16 Destination Host Unreachable
From hpc1.cse.ucdavis.edu (10.21.7.10) icmp_seq=17 Destination Host Unreachable
From hpc1.cse.ucdavis.edu (10.21.7.10) icmp_seq=18 Destination Host Unreachable
From hpc1.cse.ucdavis.edu (10.21.7.10) icmp_seq=19 Destination Host Unreachable
From hpc1.cse.ucdavis.edu (10.21.7.10) icmp_seq=20 Destination Host Unreachable
From hpc1.cse.ucdavis.edu (10.21.7.10) icmp_seq=21 Destination Host Unreachable
From hpc1.cse.ucdavis.edu (10.21.7.10) icmp_seq=22 Destination Host Unreachable
From hpc1.cse.ucdavis.edu (10.21.7.10) icmp_seq=23 Destination Host Unreachable
From hpc1.cse.ucdavis.edu (10.21.7.10) icmp_seq=24 Destination Host Unreachable
From hpc1.cse.ucdavis.edu (10.21.7.10) icmp_seq=25 Destination Host Unreachable
From hpc1.cse.ucdavis.edu (10.21.7.10) icmp_seq=26 Destination Host Unreachable
From hpc1.cse.ucdavis.edu (10.21.7.10) icmp_seq=27 Destination Host Unreachable
From hpc1.cse.ucdavis.edu (10.21.7.10) icmp_seq=28 Destination Host Unreachable
From hpc1.cse.ucdavis.edu (10.21.7.10) icmp_seq=29 Destination Host Unreachable
From hpc1.cse.ucdavis.edu (10.21.7.10) icmp_seq=30 Destination Host Unreachable
From hpc1.cse.ucdavis.edu (10.21.7.10) icmp_seq=31 Destination Host Unreachable
From hpc1.cse.ucdavis.edu (10.21.7.10) icmp_seq=32 Destination Host Unreachable
From hpc1.cse.ucdavis.edu (10.21.7.10) icmp_seq=33 Destination Host Unreachable
From hpc1.cse.ucdavis.edu (10.21.7.10) icmp_seq=34 Destination Host Unreachable
From hpc1.cse.ucdavis.edu (10.21.7.10) icmp_seq=35 Destination Host Unreachable
From hpc1.cse.ucdavis.edu (10.21.7.10) icmp_seq=36 Destination Host Unreachable
From hpc1.cse.ucdavis.edu (10.21.7.10) icmp_seq=37 Destination Host Unreachable
From hpc1.cse.ucdavis.edu (10.21.7.10) icmp_seq=38 Destination Host Unreachable
From hpc1.cse.ucdavis.edu (10.21.7.10) icmp_seq=39 Destination Host Unreachable
From hpc1.cse.ucdavis.edu (10.21.7.10) icmp_seq=40 Destination Host Unreachable
From hpc1.cse.ucdavis.edu (10.21.7.10) icmp_seq=41 Destination Host Unreachable
From hpc1.cse.ucdavis.edu (10.21.7.10) icmp_seq=42 Destination Host Unreachable
From hpc1.cse.ucdavis.edu (10.21.7.10) icmp_seq=43 Destination Host Unreachable
From hpc1.cse.ucdavis.edu (10.21.7.10) icmp_seq=44 Destination Host Unreachable
From hpc1.cse.ucdavis.edu (10.21.7.10) icmp_seq=45 Destination Host Unreachable
From hpc1.cse.ucdavis.edu (10.21.7.10) icmp_seq=46 Destination Host Unreachable
From hpc1.cse.ucdavis.edu (10.21.7.10) icmp_seq=47 Destination Host Unreachable
From hpc1.cse.ucdavis.edu (10.21.7.10) icmp_seq=48 Destination Host Unreachable
From hpc1.cse.ucdavis.edu (10.21.7.10) icmp_seq=49 Destination Host Unreachable
From hpc1.cse.ucdavis.edu (10.21.7.10) icmp_seq=50 Destination Host Unreachable
From hpc1.cse.ucdavis.edu (10.21.7.10) icmp_seq=51 Destination Host Unreachable
From hpc1.cse.ucdavis.edu (10.21.7.10) icmp_seq=52 Destination Host Unreachable
From hpc1.cse.ucdavis.edu (10.21.7.10) icmp_seq=53 Destination Host Unreachable
From hpc1.cse.ucdavis.edu (10.21.7.10) icmp_seq=54 Destination Host Unreachable
From hpc1.cse.ucdavis.edu (10.21.7.10) icmp_seq=55 Destination Host Unreachable
From hpc1.cse.ucdavis.edu (10.21.7.10) icmp_seq=56 Destination Host Unreachable
From hpc1.cse.ucdavis.edu (10.21.7.10) icmp_seq=57 Destination Host Unreachable
From hpc1.cse.ucdavis.edu (10.21.7.10) icmp_seq=58 Destination Host Unreachable
From hpc1.cse.ucdavis.edu (10.21.7.10) icmp_seq=59 Destination Host Unreachable
From hpc1.cse.ucdavis.edu (10.21.7.10) icmp_seq=60 Destination Host Unreachable
From hpc1.cse.ucdavis.edu (10.21.7.10) icmp_seq=61 Destination Host Unreachable
From hpc1.cse.ucdavis.edu (10.21.7.10) icmp_seq=62 Destination Host Unreachable
From hpc1.cse.ucdavis.edu (10.21.7.10) icmp_seq=63 Destination Host Unreachable
From hpc1.cse.ucdavis.edu (10.21.7.10) icmp_seq=64 Destination Host Unreachable
From hpc1.cse.ucdavis.edu (10.21.7.10) icmp_seq=65 Destination Host Unreachable
From hpc1.cse.ucdavis.edu (10.21.7.10) icmp_seq=66 Destination Host Unreachable
From hpc1.cse.ucdavis.edu (10.21.7.10) icmp_seq=67 Destination Host Unreachable
From hpc1.cse.ucdavis.edu (10.21.7.10) icmp_seq=68 Destination Host Unreachable
From hpc1.cse.ucdavis.edu (10.21.7.10) icmp_seq=69 Destination Host Unreachable
From hpc1.cse.ucdavis.edu (10.21.7.10) icmp_seq=70 Destination Host Unreachable
From hpc1.cse.ucdavis.edu (10.21.7.10) icmp_seq=71 Destination Host Unreachable
From hpc1.cse.ucdavis.edu (10.21.7.10) icmp_seq=72 Destination Host Unreachable
From hpc1.cse.ucdavis.edu (10.21.7.10) icmp_seq=73 Destination Host Unreachable
From hpc1.cse.ucdavis.edu (10.21.7.10) icmp_seq=74 Destination Host Unreachable
From hpc1.cse.ucdavis.edu (10.21.7.10) icmp_seq=75 Destination Host Unreachable
From hpc1.cse.ucdavis.edu (10.21.7.10) icmp_seq=76 Destination Host Unreachable
From hpc1.cse.ucdavis.edu (10.21.7.10) icmp_seq=77 Destination Host Unreachable
From hpc1.cse.ucdavis.edu (10.21.7.10) icmp_seq=78 Destination Host Unreachable
From hpc1.cse.ucdavis.edu (10.21.7.10) icmp_seq=79 Destination Host Unreachable
From hpc1.cse.ucdavis.edu (10.21.7.10) icmp_seq=80 Destination Host Unreachable
From hpc1.cse.ucdavis.edu (10.21.7.10) icmp_seq=81 Destination Host Unreachable
From hpc1.cse.ucdavis.edu (10.21.7.10) icmp_seq=82 Destination Host Unreachable
From hpc1.cse.ucdavis.edu (10.21.7.10) icmp_seq=83 Destination Host Unreachable
From hpc1.cse.ucdavis.edu (10.21.7.10) icmp_seq=84 Destination Host Unreachable
From hpc1.cse.ucdavis.edu (10.21.7.10) icmp_seq=85 Destination Host Unreachable
From hpc1.cse.ucdavis.edu (10.21.7.10) icmp_seq=86 Destination Host Unreachable
From hpc1.cse.ucdavis.edu (10.21.7.10) icmp_seq=87 Destination Host Unreachable
From hpc1.cse.ucdavis.edu (10.21.7.10) icmp_seq=88 Destination Host Unreachable
From hpc1.cse.ucdavis.edu (10.21.7.10) icmp_seq=89 Destination Host Unreachable
From hpc1.cse.ucdavis.edu (10.21.7.10) icmp_seq=90 Destination Host Unreachable
From hpc1.cse.ucdavis.edu (10.21.7.10) icmp_seq=91 Destination Host Unreachable
From hpc1.cse.ucdavis.edu (10.21.7.10) icmp_seq=92 Destination Host Unreachable
From hpc1.cse.ucdavis.edu (10.21.7.10) icmp_seq=93 Destination Host Unreachable
From hpc1.cse.ucdavis.edu (10.21.7.10) icmp_seq=94 Destination Host Unreachable
From hpc1.cse.ucdavis.edu (10.21.7.10) icmp_seq=95 Destination Host Unreachable
From hpc1.cse.ucdavis.edu (10.21.7.10) icmp_seq=96 Destination Host Unreachable
From hpc1.cse.ucdavis.edu (10.21.7.10) icmp_seq=97 Destination Host Unreachable
From hpc1.cse.ucdavis.edu (10.21.7.10) icmp_seq=98 Destination Host Unreachable
From hpc1.cse.ucdavis.edu (10.21.7.10) icmp_seq=99 Destination Host Unreachable
From hpc1.cse.ucdavis.edu (10.21.7.10) icmp_seq=100 Destination Host Unreachable
From hpc1.cse.ucdavis.edu (10.21.7.10) icmp_seq=101 Destination Host Unreachable
From hpc1.cse.ucdavis.edu (10.21.7.10) icmp_seq=102 Destination Host Unreachable
From hpc1.cse.ucdavis.edu (10.21.7.10) icmp_seq=103 Destination Host Unreachable
From hpc1.cse.ucdavis.edu (10.21.7.10) icmp_seq=104 Destination Host Unreachable
From hpc1.cse.ucdavis.edu (10.21.7.10) icmp_seq=105 Destination Host Unreachable
From hpc1.cse.ucdavis.edu (10.21.7.10) icmp_seq=106 Destination Host Unreachable
From hpc1.cse.ucdavis.edu (10.21.7.10) icmp_seq=107 Destination Host Unreachable
From hpc1.cse.ucdavis.edu (10.21.7.10) icmp_seq=108 Destination Host Unreachable
From hpc1.cse.ucdavis.edu (10.21.7.10) icmp_seq=109 Destination Host Unreachable
From hpc1.cse.ucdavis.edu (10.21.7.10) icmp_seq=110 Destination Host Unreachable
From hpc1.cse.ucdavis.edu (10.21.7.10) icmp_seq=111 Destination Host Unreachable
From hpc1.cse.ucdavis.edu (10.21.7.10) icmp_seq=112 Destination Host Unreachable
From hpc1.cse.ucdavis.edu (10.21.7.10) icmp_seq=113 Destination Host Unreachable
From hpc1.cse.ucdavis.edu (10.21.7.10) icmp_seq=114 Destination Host Unreachable
From hpc1.cse.ucdavis.edu (10.21.7.10) icmp_seq=115 Destination Host Unreachable
From hpc1.cse.ucdavis.edu (10.21.7.10) icmp_seq=116 Destination Host Unreachable
From hpc1.cse.ucdavis.edu (10.21.7.10) icmp_seq=117 Destination Host Unreachable
From hpc1.cse.ucdavis.edu (10.21.7.10) icmp_seq=118 Destination Host Unreachable
From hpc1.cse.ucdavis.edu (10.21.7.10) icmp_seq=119 Destination Host Unreachable
From hpc1.cse.ucdavis.edu (10.21.7.10) icmp_seq=120 Destination Host Unreachable
From hpc1.cse.ucdavis.edu (10.21.7.10) icmp_seq=121 Destination Host Unreachable
From hpc1.cse.ucdavis.edu (10.21.7.10) icmp_seq=122 Destination Host Unreachable
From hpc1.cse.ucdavis.edu (10.21.7.10) icmp_seq=123 Destination Host Unreachable
From hpc1.cse.ucdavis.edu (10.21.7.10) icmp_seq=124 Destination Host Unreachable
From hpc1.cse.ucdavis.edu (10.21.7.10) icmp_seq=125 Destination Host Unreachable
From hpc1.cse.ucdavis.edu (10.21.7.10) icmp_seq=126 Destination Host Unreachable
From hpc1.cse.ucdavis.edu (10.21.7.10) icmp_seq=127 Destination Host Unreachable
From hpc1.cse.ucdavis.edu (10.21.7.10) icmp_seq=128 Destination Host Unreachable
From hpc1.cse.ucdavis.edu (10.21.7.10) icmp_seq=129 Destination Host Unreachable
From hpc1.cse.ucdavis.edu (10.21.7.10) icmp_seq=130 Destination Host Unreachable
From hpc1.cse.ucdavis.edu (10.21.7.10) icmp_seq=131 Destination Host Unreachable
From hpc1.cse.ucdavis.edu (10.21.7.10) icmp_seq=132 Destination Host Unreachable
From hpc1.cse.ucdavis.edu (10.21.7.10) icmp_seq=133 Destination Host Unreachable
From hpc1.cse.ucdavis.edu (10.21.7.10) icmp_seq=134 Destination Host Unreachable
From hpc1.cse.ucdavis.edu (10.21.7.10) icmp_seq=135 Destination Host Unreachable
From hpc1.cse.ucdavis.edu (10.21.7.10) icmp_seq=136 Destination Host Unreachable
From hpc1.cse.ucdavis.edu (10.21.7.10) icmp_seq=137 Destination Host Unreachable
From hpc1.cse.ucdavis.edu (10.21.7.10) icmp_seq=138 Destination Host Unreachable
From hpc1.cse.ucdavis.edu (10.21.7.10) icmp_seq=139 Destination Host Unreachable
From hpc1.cse.ucdavis.edu (10.21.7.10) icmp_seq=140 Destination Host Unreachable
From hpc1.cse.ucdavis.edu (10.21.7.10) icmp_seq=141 Destination Host Unreachable
From hpc1.cse.ucdavis.edu (10.21.7.10) icmp_seq=142 Destination Host Unreachable
From hpc1.cse.ucdavis.edu (10.21.7.10) icmp_seq=143 Destination Host Unreachable
From hpc1.cse.ucdavis.edu (10.21.7.10) icmp_seq=144 Destination Host Unreachable
From hpc1.cse.ucdavis.edu (10.21.7.10) icmp_seq=145 Destination Host Unreachable
From hpc1.cse.ucdavis.edu (10.21.7.10) icmp_seq=146 Destination Host Unreachable
From hpc1.cse.ucdavis.edu (10.21.7.10) icmp_seq=147 Destination Host Unreachable
From hpc1.cse.ucdavis.edu (10.21.7.10) icmp_seq=148 Destination Host Unreachable




From hpc1.cse.ucdavis.edu (10.21.7.10) icmp_seq=149 Destination Host Unreachable
From hpc1.cse.ucdavis.edu (10.21.7.10) icmp_seq=150 Destination Host Unreachable
From hpc1.cse.ucdavis.edu (10.21.7.10) icmp_seq=151 Destination Host Unreachable
From hpc1.cse.ucdavis.edu (10.21.7.10) icmp_seq=152 Destination Host Unreachable
From hpc1.cse.ucdavis.edu (10.21.7.10) icmp_seq=153 Destination Host Unreachable
From hpc1.cse.ucdavis.edu (10.21.7.10) icmp_seq=154 Destination Host Unreachable
From hpc1.cse.ucdavis.edu (10.21.7.10) icmp_seq=155 Destination Host Unreachable
From hpc1.cse.ucdavis.edu (10.21.7.10) icmp_seq=156 Destination Host Unreachable
From hpc1.cse.ucdavis.edu (10.21.7.10) icmp_seq=157 Destination Host Unreachable
From hpc1.cse.ucdavis.edu (10.21.7.10) icmp_seq=158 Destination Host Unreachable
From hpc1.cse.ucdavis.edu (10.21.7.10) icmp_seq=159 Destination Host Unreachable
From hpc1.cse.ucdavis.edu (10.21.7.10) icmp_seq=160 Destination Host Unreachable
From hpc1.cse.ucdavis.edu (10.21.7.10) icmp_seq=161 Destination Host Unreachable
From hpc1.cse.ucdavis.edu (10.21.7.10) icmp_seq=162 Destination Host Unreachable
From hpc1.cse.ucdavis.edu (10.21.7.10) icmp_seq=163 Destination Host Unreachable
From hpc1.cse.ucdavis.edu (10.21.7.10) icmp_seq=164 Destination Host Unreachable
From hpc1.cse.ucdavis.edu (10.21.7.10) icmp_seq=165 Destination Host Unreachable
From hpc1.cse.ucdavis.edu (10.21.7.10) icmp_seq=166 Destination Host Unreachable
From hpc1.cse.ucdavis.edu (10.21.7.10) icmp_seq=167 Destination Host Unreachable
From hpc1.cse.ucdavis.edu (10.21.7.10) icmp_seq=168 Destination Host Unreachable
From hpc1.cse.ucdavis.edu (10.21.7.10) icmp_seq=169 Destination Host Unreachable
From hpc1.cse.ucdavis.edu (10.21.7.10) icmp_seq=170 Destination Host Unreachable
From hpc1.cse.ucdavis.edu (10.21.7.10) icmp_seq=171 Destination Host Unreachable
From hpc1.cse.ucdavis.edu (10.21.7.10) icmp_seq=172 Destination Host Unreachable
From hpc1.cse.ucdavis.edu (10.21.7.10) icmp_seq=173 Destination Host Unreachable
From hpc1.cse.ucdavis.edu (10.21.7.10) icmp_seq=174 Destination Host Unreachable
From hpc1.cse.ucdavis.edu (10.21.7.10) icmp_seq=175 Destination Host Unreachable
From hpc1.cse.ucdavis.edu (10.21.7.10) icmp_seq=176 Destination Host Unreachable
From hpc1.cse.ucdavis.edu (10.21.7.10) icmp_seq=177 Destination Host Unreachable
From hpc1.cse.ucdavis.edu (10.21.7.10) icmp_seq=178 Destination Host Unreachable
From hpc1.cse.ucdavis.edu (10.21.7.10) icmp_seq=179 Destination Host Unreachable
From hpc1.cse.ucdavis.edu (10.21.7.10) icmp_seq=180 Destination Host Unreachable
From hpc1.cse.ucdavis.edu (10.21.7.10) icmp_seq=181 Destination Host Unreachable
From hpc1.cse.ucdavis.edu (10.21.7.10) icmp_seq=182 Destination Host Unreachable
From hpc1.cse.ucdavis.edu (10.21.7.10) icmp_seq=183 Destination Host Unreachable
From hpc1.cse.ucdavis.edu (10.21.7.10) icmp_seq=184 Destination Host Unreachable
From hpc1.cse.ucdavis.edu (10.21.7.10) icmp_seq=185 Destination Host Unreachable
From hpc1.cse.ucdavis.edu (10.21.7.10) icmp_seq=186 Destination Host Unreachable
From hpc1.cse.ucdavis.edu (10.21.7.10) icmp_seq=187 Destination Host Unreachable
From hpc1.cse.ucdavis.edu (10.21.7.10) icmp_seq=188 Destination Host Unreachable
From hpc1.cse.ucdavis.edu (10.21.7.10) icmp_seq=189 Destination Host Unreachable
From hpc1.cse.ucdavis.edu (10.21.7.10) icmp_seq=190 Destination Host Unreachable
From hpc1.cse.ucdavis.edu (10.21.7.10) icmp_seq=191 Destination Host Unreachable
From hpc1.cse.ucdavis.edu (10.21.7.10) icmp_seq=192 Destination Host Unreachable
From hpc1.cse.ucdavis.edu (10.21.7.10) icmp_seq=193 Destination Host Unreachable
From hpc1.cse.ucdavis.edu (10.21.7.10) icmp_seq=194 Destination Host Unreachable
From hpc1.cse.ucdavis.edu (10.21.7.10) icmp_seq=195 Destination Host Unreachable
From hpc1.cse.ucdavis.edu (10.21.7.10) icmp_seq=196 Destination Host Unreachable
From hpc1.cse.ucdavis.edu (10.21.7.10) icmp_seq=197 Destination Host Unreachable
From hpc1.cse.ucdavis.edu (10.21.7.10) icmp_seq=198 Destination Host Unreachable
From hpc1.cse.ucdavis.edu (10.21.7.10) icmp_seq=199 Destination Host Unreachable
From hpc1.cse.ucdavis.edu (10.21.7.10) icmp_seq=200 Destination Host Unreachable
From hpc1.cse.ucdavis.edu (10.21.7.10) icmp_seq=201 Destination Host Unreachable
From hpc1.cse.ucdavis.edu (10.21.7.10) icmp_seq=202 Destination Host Unreachable
From hpc1.cse.ucdavis.edu (10.21.7.10) icmp_seq=203 Destination Host Unreachable
From hpc1.cse.ucdavis.edu (10.21.7.10) icmp_seq=204 Destination Host Unreachable
From hpc1.cse.ucdavis.edu (10.21.7.10) icmp_seq=205 Destination Host Unreachable
From hpc1.cse.ucdavis.edu (10.21.7.10) icmp_seq=206 Destination Host Unreachable
From hpc1.cse.ucdavis.edu (10.21.7.10) icmp_seq=207 Destination Host Unreachable
From hpc1.cse.ucdavis.edu (10.21.7.10) icmp_seq=208 Destination Host Unreachable
From hpc1.cse.ucdavis.edu (10.21.7.10) icmp_seq=209 Destination Host Unreachable
From hpc1.cse.ucdavis.edu (10.21.7.10) icmp_seq=210 Destination Host Unreachable
From hpc1.cse.ucdavis.edu (10.21.7.10) icmp_seq=211 Destination Host Unreachable
From hpc1.cse.ucdavis.edu (10.21.7.10) icmp_seq=212 Destination Host Unreachable
From hpc1.cse.ucdavis.edu (10.21.7.10) icmp_seq=213 Destination Host Unreachable
From hpc1.cse.ucdavis.edu (10.21.7.10) icmp_seq=214 Destination Host Unreachable
From hpc1.cse.ucdavis.edu (10.21.7.10) icmp_seq=215 Destination Host Unreachable
From hpc1.cse.ucdavis.edu (10.21.7.10) icmp_seq=216 Destination Host Unreachable
From hpc1.cse.ucdavis.edu (10.21.7.10) icmp_seq=217 Destination Host Unreachable
From hpc1.cse.ucdavis.edu (10.21.7.10) icmp_seq=218 Destination Host Unreachable
From hpc1.cse.ucdavis.edu (10.21.7.10) icmp_seq=219 Destination Host Unreachable
From hpc1.cse.ucdavis.edu (10.21.7.10) icmp_seq=220 Destination Host Unreachable
From hpc1.cse.ucdavis.edu (10.21.7.10) icmp_seq=221 Destination Host Unreachable
From hpc1.cse.ucdavis.edu (10.21.7.10) icmp_seq=222 Destination Host Unreachable
From hpc1.cse.ucdavis.edu (10.21.7.10) icmp_seq=223 Destination Host Unreachable
From hpc1.cse.ucdavis.edu (10.21.7.10) icmp_seq=224 Destination Host Unreachable
From hpc1.cse.ucdavis.edu (10.21.7.10) icmp_seq=225 Destination Host Unreachable
From hpc1.cse.ucdavis.edu (10.21.7.10) icmp_seq=226 Destination Host Unreachable
From hpc1.cse.ucdavis.edu (10.21.7.10) icmp_seq=227 Destination Host Unreachable
From hpc1.cse.ucdavis.edu (10.21.7.10) icmp_seq=228 Destination Host Unreachable
From hpc1.cse.ucdavis.edu (10.21.7.10) icmp_seq=229 Destination Host Unreachable
From hpc1.cse.ucdavis.edu (10.21.7.10) icmp_seq=230 Destination Host Unreachable
From hpc1.cse.ucdavis.edu (10.21.7.10) icmp_seq=231 Destination Host Unreachable
From hpc1.cse.ucdavis.edu (10.21.7.10) icmp_seq=232 Destination Host Unreachable
From hpc1.cse.ucdavis.edu (10.21.7.10) icmp_seq=233 Destination Host Unreachable
From hpc1.cse.ucdavis.edu (10.21.7.10) icmp_seq=234 Destination Host Unreachable
From hpc1.cse.ucdavis.edu (10.21.7.10) icmp_seq=235 Destination Host Unreachable
From hpc1.cse.ucdavis.edu (10.21.7.10) icmp_seq=236 Destination Host Unreachable
From hpc1.cse.ucdavis.edu (10.21.7.10) icmp_seq=237 Destination Host Unreachable
From hpc1.cse.ucdavis.edu (10.21.7.10) icmp_seq=238 Destination Host Unreachable
From hpc1.cse.ucdavis.edu (10.21.7.10) icmp_seq=239 Destination Host Unreachable
From hpc1.cse.ucdavis.edu (10.21.7.10) icmp_seq=240 Destination Host Unreachable
From hpc1.cse.ucdavis.edu (10.21.7.10) icmp_seq=241 Destination Host Unreachable
From hpc1.cse.ucdavis.edu (10.21.7.10) icmp_seq=242 Destination Host Unreachable
From hpc1.cse.ucdavis.edu (10.21.7.10) icmp_seq=243 Destination Host Unreachable
From hpc1.cse.ucdavis.edu (10.21.7.10) icmp_seq=244 Destination Host Unreachable
From hpc1.cse.ucdavis.edu (10.21.7.10) icmp_seq=245 Destination Host Unreachable
From hpc1.cse.ucdavis.edu (10.21.7.10) icmp_seq=246 Destination Host Unreachable
From hpc1.cse.ucdavis.edu (10.21.7.10) icmp_seq=247 Destination Host Unreachable
From hpc1.cse.ucdavis.edu (10.21.7.10) icmp_seq=248 Destination Host Unreachable
From hpc1.cse.ucdavis.edu (10.21.7.10) icmp_seq=249 Destination Host Unreachable
From hpc1.cse.ucdavis.edu (10.21.7.10) icmp_seq=250 Destination Host Unreachable
From hpc1.cse.ucdavis.edu (10.21.7.10) icmp_seq=251 Destination Host Unreachable
From hpc1.cse.ucdavis.edu (10.21.7.10) icmp_seq=252 Destination Host Unreachable
From hpc1.cse.ucdavis.edu (10.21.7.10) icmp_seq=253 Destination Host Unreachable
From hpc1.cse.ucdavis.edu (10.21.7.10) icmp_seq=254 Destination Host Unreachable
From hpc1.cse.ucdavis.edu (10.21.7.10) icmp_seq=255 Destination Host Unreachable
From hpc1.cse.ucdavis.edu (10.21.7.10) icmp_seq=256 Destination Host Unreachable
From hpc1.cse.ucdavis.edu (10.21.7.10) icmp_seq=257 Destination Host Unreachable
From hpc1.cse.ucdavis.edu (10.21.7.10) icmp_seq=258 Destination Host Unreachable
From hpc1.cse.ucdavis.edu (10.21.7.10) icmp_seq=259 Destination Host Unreachable
From hpc1.cse.ucdavis.edu (10.21.7.10) icmp_seq=260 Destination Host Unreachable
From hpc1.cse.ucdavis.edu (10.21.7.10) icmp_seq=261 Destination Host Unreachable
From hpc1.cse.ucdavis.edu (10.21.7.10) icmp_seq=262 Destination Host Unreachable
From hpc1.cse.ucdavis.edu (10.21.7.10) icmp_seq=263 Destination Host Unreachable
From hpc1.cse.ucdavis.edu (10.21.7.10) icmp_seq=264 Destination Host Unreachable
From hpc1.cse.ucdavis.edu (10.21.7.10) icmp_seq=265 Destination Host Unreachable
From hpc1.cse.ucdavis.edu (10.21.7.10) icmp_seq=266 Destination Host Unreachable
From hpc1.cse.ucdavis.edu (10.21.7.10) icmp_seq=267 Destination Host Unreachable
From hpc1.cse.ucdavis.edu (10.21.7.10) icmp_seq=268 Destination Host Unreachable
From hpc1.cse.ucdavis.edu (10.21.7.10) icmp_seq=269 Destination Host Unreachable
From hpc1.cse.ucdavis.edu (10.21.7.10) icmp_seq=270 Destination Host Unreachable
From hpc1.cse.ucdavis.edu (10.21.7.10) icmp_seq=271 Destination Host Unreachable
From hpc1.cse.ucdavis.edu (10.21.7.10) icmp_seq=272 Destination Host Unreachable
From hpc1.cse.ucdavis.edu (10.21.7.10) icmp_seq=273 Destination Host Unreachable
From hpc1.cse.ucdavis.edu (10.21.7.10) icmp_seq=274 Destination Host Unreachable
From hpc1.cse.ucdavis.edu (10.21.7.10) icmp_seq=275 Destination Host Unreachable
From hpc1.cse.ucdavis.edu (10.21.7.10) icmp_seq=276 Destination Host Unreachable
From hpc1.cse.ucdavis.edu (10.21.7.10) icmp_seq=277 Destination Host Unreachable
From hpc1.cse.ucdavis.edu (10.21.7.10) icmp_seq=278 Destination Host Unreachable
From hpc1.cse.ucdavis.edu (10.21.7.10) icmp_seq=279 Destination Host Unreachable
From hpc1.cse.ucdavis.edu (10.21.7.10) icmp_seq=280 Destination Host Unreachable
From hpc1.cse.ucdavis.edu (10.21.7.10) icmp_seq=281 Destination Host Unreachable
From hpc1.cse.ucdavis.edu (10.21.7.10) icmp_seq=282 Destination Host Unreachable
From hpc1.cse.ucdavis.edu (10.21.7.10) icmp_seq=283 Destination Host Unreachable
From hpc1.cse.ucdavis.edu (10.21.7.10) icmp_seq=284 Destination Host Unreachable
From hpc1.cse.ucdavis.edu (10.21.7.10) icmp_seq=285 Destination Host Unreachable
From hpc1.cse.ucdavis.edu (10.21.7.10) icmp_seq=286 Destination Host Unreachable
From hpc1.cse.ucdavis.edu (10.21.7.10) icmp_seq=287 Destination Host Unreachable
From hpc1.cse.ucdavis.edu (10.21.7.10) icmp_seq=288 Destination Host Unreachable
From hpc1.cse.ucdavis.edu (10.21.7.10) icmp_seq=289 Destination Host Unreachable
From hpc1.cse.ucdavis.edu (10.21.7.10) icmp_seq=290 Destination Host Unreachable
From hpc1.cse.ucdavis.edu (10.21.7.10) icmp_seq=291 Destination Host Unreachable
From hpc1.cse.ucdavis.edu (10.21.7.10) icmp_seq=292 Destination Host Unreachable
From hpc1.cse.ucdavis.edu (10.21.7.10) icmp_seq=293 Destination Host Unreachable
From hpc1.cse.ucdavis.edu (10.21.7.10) icmp_seq=294 Destination Host Unreachable
From hpc1.cse.ucdavis.edu (10.21.7.10) icmp_seq=295 Destination Host Unreachable
From hpc1.cse.ucdavis.edu (10.21.7.10) icmp_seq=296 Destination Host Unreachable
From hpc1.cse.ucdavis.edu (10.21.7.10) icmp_seq=297 Destination Host Unreachable
From hpc1.cse.ucdavis.edu (10.21.7.10) icmp_seq=298 Destination Host Unreachable
From hpc1.cse.ucdavis.edu (10.21.7.10) icmp_seq=299 Destination Host Unreachable
From hpc1.cse.ucdavis.edu (10.21.7.10) icmp_seq=300 Destination Host Unreachable
From hpc1.cse.ucdavis.edu (10.21.7.10) icmp_seq=301 Destination Host Unreachable
From hpc1.cse.ucdavis.edu (10.21.7.10) icmp_seq=302 Destination Host Unreachable
From hpc1.cse.ucdavis.edu (10.21.7.10) icmp_seq=303 Destination Host Unreachable
From hpc1.cse.ucdavis.edu (10.21.7.10) icmp_seq=304 Destination Host Unreachable
From hpc1.cse.ucdavis.edu (10.21.7.10) icmp_seq=305 Destination Host Unreachable
From hpc1.cse.ucdavis.edu (10.21.7.10) icmp_seq=306 Destination Host Unreachable
From hpc1.cse.ucdavis.edu (10.21.7.10) icmp_seq=307 Destination Host Unreachable
From hpc1.cse.ucdavis.edu (10.21.7.10) icmp_seq=308 Destination Host Unreachable
From hpc1.cse.ucdavis.edu (10.21.7.10) icmp_seq=309 Destination Host Unreachable
From hpc1.cse.ucdavis.edu (10.21.7.10) icmp_seq=310 Destination Host Unreachable
From hpc1.cse.ucdavis.edu (10.21.7.10) icmp_seq=311 Destination Host Unreachable
From hpc1.cse.ucdavis.edu (10.21.7.10) icmp_seq=312 Destination Host Unreachable
From hpc1.cse.ucdavis.edu (10.21.7.10) icmp_seq=313 Destination Host Unreachable
From hpc1.cse.ucdavis.edu (10.21.7.10) icmp_seq=314 Destination Host Unreachable
From hpc1.cse.ucdavis.edu (10.21.7.10) icmp_seq=315 Destination Host Unreachable
From hpc1.cse.ucdavis.edu (10.21.7.10) icmp_seq=316 Destination Host Unreachable
^C
--- c5-27.hpc1.cse.ucdavis.edu ping statistics ---
318 packets transmitted, 0 received, +316 errors, 100% packet loss, time 324560ms
pipe 4
root@hpc1:/home/rf# exit
exit

Script done on 2021-01-21 12:01:25-0800
